1 rows were read
1 rows contained no errors and will be imported
Total amount of transactions imported: 1,830
Total amount of disbursements imported: 0
Total amount of transactions with error: 0
